PARI stack size set to 8000000000 bytes, maximum size set to 8000000000
97 5.6662272782509846e-42  0
241 16.0  1
337 2.868102032754321e-41  2
457 -1.5269814506590459e-41  3
553 2.7636946359564145e-41  5
601 16.0  6
721 5.588712820866601e-41  9
769 -6.435133467660963e-41  11
1129 16.0  14
1153 16.0  17
1249 -1.6458799601723996e-40  21
1297 7.46355639466174e-41  24
1489 -2.0412078720068696e-41  29
1513 -3.8268931554277226e-41  33
1657 -4.0748830348263094e-41  38
1753 16.0  43
1897 -2.4844838464895507e-41  49
2089 16.0  55
2257 16.0 WITNESS 61
2281 16.0  68
2377 16.0  75
2593 5.64446915217814e-41  83
2617 1.4252523987590536e-41  91
2713 5.48612353132157e-41  99
2857 -1.0601338033375487e-41  108
3073 16.0 WITNESS 118
3217 16.0  128
3361 -8.693981595553863e-41  138
3409 64.0  148
3433 -1.9834275217703503e-40  158
done
